// Jest Snapshot v1, https://goo.gl/fbAQLP

exports[`ListBuilder component should render 1`] = `
ShallowWrapper {
  "length": 1,
  Symbol(enzyme.__root__): ShallowWrapper {
    "length": 1,
    Symbol(enzyme.__root__): [Circular],
    Symbol(enzyme.__unrendered__): <ListBuilder
      buttonLabel="Add"
      classNames={
        Object {
          "formClassName": "",
          "inputClassName": "",
          "itemClassName": "",
          "itemLabelClassName": "",
          "itemRemoveClassName": "",
          "labelClassName": "",
          "listClassName": "",
          "submitButtonClassName": "",
          "wrapperClassName": "",
        }
      }
      dispatch={
        [MockFunction] {
          "calls": Array [
            Array [
              Object {
                "payload": Object {
                  "identifier": "listID",
                },
                "type": "redux-flash-message/LIST_BUILDER_CREATE_LIST",
              },
            ],
          ],
        }
      }
      identifier="listID"
      inputLabel="Item value"
      itemRemoveSymbol="X"
      list={Array []}
      validation={[Function]}
    />,
    Symbol(enzyme.__renderer__): Object {
      "batchedUpdates": [Function],
      "getNode": [Function],
      "render": [Function],
      "simulateEvent": [Function],
      "unmount": [Function],
    },
    Symbol(enzyme.__node__): Object {
      "instance": null,
      "key": undefined,
      "nodeType": "host",
      "props": Object {
        "children": Array [
          <div
            className=""
            style={
              Object {
                "display": "flex",
                "flexDirection": "row",
                "flexWrap": "wrap",
              }
            }
          >
            <label
              className=""
              htmlFor="listItemValue"
            >
              Item value
              <input
                className=""
                id="listItemValue"
                onChange={[Function]}
                value=""
              />
              <button
                className=""
                type="submit"
              >
                Add
              </button>
            </label>
          </div>,
          <ul
            className=""
          />,
        ],
        "className": "",
        "onSubmit": [Function],
      },
      "ref": null,
      "rendered": Array [
        Object {
          "instance": null,
          "key": undefined,
          "nodeType": "host",
          "props": Object {
            "children": <label
              className=""
              htmlFor="listItemValue"
            >
              Item value
              <input
                className=""
                id="listItemValue"
                onChange={[Function]}
                value=""
              />
              <button
                className=""
                type="submit"
              >
                Add
              </button>
            </label>,
            "className": "",
            "style": Object {
              "display": "flex",
              "flexDirection": "row",
              "flexWrap": "wrap",
            },
          },
          "ref": null,
          "rendered": Object {
            "instance": null,
            "key": undefined,
            "nodeType": "host",
            "props": Object {
              "children": Array [
                "Item value",
                <input
                  className=""
                  id="listItemValue"
                  onChange={[Function]}
                  value=""
                />,
                <button
                  className=""
                  type="submit"
                >
                  Add
                </button>,
              ],
              "className": "",
              "htmlFor": "listItemValue",
            },
            "ref": null,
            "rendered": Array [
              "Item value",
              Object {
                "instance": null,
                "key": undefined,
                "nodeType": "host",
                "props": Object {
                  "className": "",
                  "id": "listItemValue",
                  "onChange": [Function],
                  "value": "",
                },
                "ref": null,
                "rendered": null,
                "type": "input",
              },
              Object {
                "instance": null,
                "key": undefined,
                "nodeType": "host",
                "props": Object {
                  "children": "Add",
                  "className": "",
                  "type": "submit",
                },
                "ref": null,
                "rendered": "Add",
                "type": "button",
              },
            ],
            "type": "label",
          },
          "type": "div",
        },
        Object {
          "instance": null,
          "key": undefined,
          "nodeType": "host",
          "props": Object {
            "children": Array [],
            "className": "",
          },
          "ref": null,
          "rendered": Array [],
          "type": "ul",
        },
      ],
      "type": "form",
    },
    Symbol(enzyme.__nodes__): Array [
      Object {
        "instance": null,
        "key": undefined,
        "nodeType": "host",
        "props": Object {
          "children": Array [
            <div
              className=""
              style={
                Object {
                  "display": "flex",
                  "flexDirection": "row",
                  "flexWrap": "wrap",
                }
              }
            >
              <label
                className=""
                htmlFor="listItemValue"
              >
                Item value
                <input
                  className=""
                  id="listItemValue"
                  onChange={[Function]}
                  value=""
                />
                <button
                  className=""
                  type="submit"
                >
                  Add
                </button>
              </label>
            </div>,
            <ul
              className=""
            />,
          ],
          "className": "",
          "onSubmit": [Function],
        },
        "ref": null,
        "rendered": Array [
          Object {
            "instance": null,
            "key": undefined,
            "nodeType": "host",
            "props": Object {
              "children": <label
                className=""
                htmlFor="listItemValue"
              >
                Item value
                <input
                  className=""
                  id="listItemValue"
                  onChange={[Function]}
                  value=""
                />
                <button
                  className=""
                  type="submit"
                >
                  Add
                </button>
              </label>,
              "className": "",
              "style": Object {
                "display": "flex",
                "flexDirection": "row",
                "flexWrap": "wrap",
              },
            },
            "ref": null,
            "rendered": Object {
              "instance": null,
              "key": undefined,
              "nodeType": "host",
              "props": Object {
                "children": Array [
                  "Item value",
                  <input
                    className=""
                    id="listItemValue"
                    onChange={[Function]}
                    value=""
                  />,
                  <button
                    className=""
                    type="submit"
                  >
                    Add
                  </button>,
                ],
                "className": "",
                "htmlFor": "listItemValue",
              },
              "ref": null,
              "rendered": Array [
                "Item value",
                Object {
                  "instance": null,
                  "key": undefined,
                  "nodeType": "host",
                  "props": Object {
                    "className": "",
                    "id": "listItemValue",
                    "onChange": [Function],
                    "value": "",
                  },
                  "ref": null,
                  "rendered": null,
                  "type": "input",
                },
                Object {
                  "instance": null,
                  "key": undefined,
                  "nodeType": "host",
                  "props": Object {
                    "children": "Add",
                    "className": "",
                    "type": "submit",
                  },
                  "ref": null,
                  "rendered": "Add",
                  "type": "button",
                },
              ],
              "type": "label",
            },
            "type": "div",
          },
          Object {
            "instance": null,
            "key": undefined,
            "nodeType": "host",
            "props": Object {
              "children": Array [],
              "className": "",
            },
            "ref": null,
            "rendered": Array [],
            "type": "ul",
          },
        ],
        "type": "form",
      },
    ],
    Symbol(enzyme.__options__): Object {
      "adapter": ReactSixteenAdapter {
        "options": Object {
          "enableComponentDidUpdateOnSetState": true,
        },
      },
    },
  },
  Symbol(enzyme.__unrendered__): null,
  Symbol(enzyme.__renderer__): Object {
    "batchedUpdates": [Function],
    "getNode": [Function],
    "render": [Function],
    "simulateEvent": [Function],
    "unmount": [Function],
  },
  Symbol(enzyme.__node__): Object {
    "instance": null,
    "key": undefined,
    "nodeType": "host",
    "props": Object {
      "children": Array [
        <div
          className=""
          style={
            Object {
              "display": "flex",
              "flexDirection": "row",
              "flexWrap": "wrap",
            }
          }
        >
          <label
            className=""
            htmlFor="listItemValue"
          >
            Item value
            <input
              className=""
              id="listItemValue"
              onChange={[Function]}
              value=""
            />
            <button
              className=""
              type="submit"
            >
              Add
            </button>
          </label>
        </div>,
        <ul
          className=""
        />,
      ],
      "className": "",
      "onSubmit": [Function],
    },
    "ref": null,
    "rendered": Array [
      Object {
        "instance": null,
        "key": undefined,
        "nodeType": "host",
        "props": Object {
          "children": <label
            className=""
            htmlFor="listItemValue"
          >
            Item value
            <input
              className=""
              id="listItemValue"
              onChange={[Function]}
              value=""
            />
            <button
              className=""
              type="submit"
            >
              Add
            </button>
          </label>,
          "className": "",
          "style": Object {
            "display": "flex",
            "flexDirection": "row",
            "flexWrap": "wrap",
          },
        },
        "ref": null,
        "rendered": Object {
          "instance": null,
          "key": undefined,
          "nodeType": "host",
          "props": Object {
            "children": Array [
              "Item value",
              <input
                className=""
                id="listItemValue"
                onChange={[Function]}
                value=""
              />,
              <button
                className=""
                type="submit"
              >
                Add
              </button>,
            ],
            "className": "",
            "htmlFor": "listItemValue",
          },
          "ref": null,
          "rendered": Array [
            "Item value",
            Object {
              "instance": null,
              "key": undefined,
              "nodeType": "host",
              "props": Object {
                "className": "",
                "id": "listItemValue",
                "onChange": [Function],
                "value": "",
              },
              "ref": null,
              "rendered": null,
              "type": "input",
            },
            Object {
              "instance": null,
              "key": undefined,
              "nodeType": "host",
              "props": Object {
                "children": "Add",
                "className": "",
                "type": "submit",
              },
              "ref": null,
              "rendered": "Add",
              "type": "button",
            },
          ],
          "type": "label",
        },
        "type": "div",
      },
      Object {
        "instance": null,
        "key": undefined,
        "nodeType": "host",
        "props": Object {
          "children": Array [],
          "className": "",
        },
        "ref": null,
        "rendered": Array [],
        "type": "ul",
      },
    ],
    "type": "form",
  },
  Symbol(enzyme.__nodes__): Array [
    Object {
      "instance": null,
      "key": undefined,
      "nodeType": "host",
      "props": Object {
        "children": Array [
          <div
            className=""
            style={
              Object {
                "display": "flex",
                "flexDirection": "row",
                "flexWrap": "wrap",
              }
            }
          >
            <label
              className=""
              htmlFor="listItemValue"
            >
              Item value
              <input
                className=""
                id="listItemValue"
                onChange={[Function]}
                value=""
              />
              <button
                className=""
                type="submit"
              >
                Add
              </button>
            </label>
          </div>,
          <ul
            className=""
          />,
        ],
        "className": "",
        "onSubmit": [Function],
      },
      "ref": null,
      "rendered": Array [
        Object {
          "instance": null,
          "key": undefined,
          "nodeType": "host",
          "props": Object {
            "children": <label
              className=""
              htmlFor="listItemValue"
            >
              Item value
              <input
                className=""
                id="listItemValue"
                onChange={[Function]}
                value=""
              />
              <button
                className=""
                type="submit"
              >
                Add
              </button>
            </label>,
            "className": "",
            "style": Object {
              "display": "flex",
              "flexDirection": "row",
              "flexWrap": "wrap",
            },
          },
          "ref": null,
          "rendered": Object {
            "instance": null,
            "key": undefined,
            "nodeType": "host",
            "props": Object {
              "children": Array [
                "Item value",
                <input
                  className=""
                  id="listItemValue"
                  onChange={[Function]}
                  value=""
                />,
                <button
                  className=""
                  type="submit"
                >
                  Add
                </button>,
              ],
              "className": "",
              "htmlFor": "listItemValue",
            },
            "ref": null,
            "rendered": Array [
              "Item value",
              Object {
                "instance": null,
                "key": undefined,
                "nodeType": "host",
                "props": Object {
                  "className": "",
                  "id": "listItemValue",
                  "onChange": [Function],
                  "value": "",
                },
                "ref": null,
                "rendered": null,
                "type": "input",
              },
              Object {
                "instance": null,
                "key": undefined,
                "nodeType": "host",
                "props": Object {
                  "children": "Add",
                  "className": "",
                  "type": "submit",
                },
                "ref": null,
                "rendered": "Add",
                "type": "button",
              },
            ],
            "type": "label",
          },
          "type": "div",
        },
        Object {
          "instance": null,
          "key": undefined,
          "nodeType": "host",
          "props": Object {
            "children": Array [],
            "className": "",
          },
          "ref": null,
          "rendered": Array [],
          "type": "ul",
        },
      ],
      "type": "form",
    },
  ],
  Symbol(enzyme.__options__): Object {
    "adapter": ReactSixteenAdapter {
      "options": Object {
        "enableComponentDidUpdateOnSetState": true,
      },
    },
  },
}
`;
